==========================================================================================
                    🔍 KIỂM TRA MÔI TRƯỜNG HỆ THỐNG E-LEARNING PLATFORM                    
==========================================================================================
🖥️  Hệ điều hành  : Windows 11
🐍  Python version: 3.12.8
📅  Thời gian kiểm tra: 01:24:16 27-10-2025
------------------------------------------------------------------------------------------
📂 File đang chạy : D:\KhoaHoctructuyen\KHoaHocOnline\backend\app\config\check_env.py
📂 BACKEND_DIR     : D:\KhoaHoctructuyen\KHoaHocOnline\backend
------------------------------------------------------------------------------------------
📁 KIỂM TRA CẤU TRÚC THƯ MỤC:
✅ Thư mục backend/app      : D:\KhoaHoctructuyen\KHoaHocOnline\backend\app
✅ Thư mục uploads          : D:\KhoaHoctructuyen\KHoaHocOnline\backend\app\uploads
✅ Thư mục templates        : D:\KhoaHoctructuyen\KHoaHocOnline\frontend\react-app\layouts\templates
✅ Thư mục static           : D:\KhoaHoctructuyen\KHoaHocOnline\frontend\react-app\static
✅ Thư mục styles           : D:\KhoaHoctructuyen\KHoaHocOnline\frontend\react-app\layouts\styles
------------------------------------------------------------------------------------------
🗂️ KIỂM TRA THƯ MỤC UPLOAD CON:
✅ Tất cả thư mục upload con đã tồn tại đầy đủ.
------------------------------------------------------------------------------------------
🎨 KIỂM TRA TEMPLATE CON:
✅ Tất cả thư mục template con đầy đủ.
------------------------------------------------------------------------------------------
📦 KIỂM TRA FILE QUAN TRỌNG:
✅ File .env                : D:\KhoaHoctructuyen\KHoaHocOnline\backend\.env
✅ File requirements.txt    : D:\KhoaHoctructuyen\KHoaHocOnline\backend\requirements.txt
✅ File alembic.ini         : D:\KhoaHoctructuyen\KHoaHocOnline\backend\alembic.ini
✅ File main.py             : D:\KhoaHoctructuyen\KHoaHocOnline\backend\app\main.py
------------------------------------------------------------------------------------------
🐍 KIỂM TRA GÓI PYTHON CẦN THIẾT:
✅ Package sẵn sàng: fastapi
✅ Package sẵn sàng: uvicorn
✅ Package sẵn sàng: sqlalchemy
✅ Package sẵn sàng: jinja2
❌ Thiếu package: python-multipart
------------------------------------------------------------------------------------------
📊 TỔNG KẾT KIỂM TRA:
🎉 Môi trường sẵn sàng để chạy E-Learning Platform!
👉 Bạn có thể chạy: uvicorn app.main:app --reload
==========================================================================================
==========================================================================================
                    🔍 KIỂM TRA MÔI TRƯỜNG HỆ THỐNG E-LEARNING PLATFORM                    
==========================================================================================
🖥️  Hệ điều hành  : Windows 11
🐍  Python version: 3.12.8
📅  Thời gian kiểm tra: 01:26:52 27-10-2025
------------------------------------------------------------------------------------------
📂 File đang chạy : D:\KhoaHoctructuyen\KHoaHocOnline\backend\app\config\check_env.py
📂 BACKEND_DIR     : D:\KhoaHoctructuyen\KHoaHocOnline\backend
------------------------------------------------------------------------------------------
📁 KIỂM TRA CẤU TRÚC THƯ MỤC:
✅ Thư mục backend/app      : D:\KhoaHoctructuyen\KHoaHocOnline\backend\app
✅ Thư mục uploads          : D:\KhoaHoctructuyen\KHoaHocOnline\backend\app\uploads
✅ Thư mục templates        : D:\KhoaHoctructuyen\KHoaHocOnline\frontend\react-app\layouts\templates
✅ Thư mục static           : D:\KhoaHoctructuyen\KHoaHocOnline\frontend\react-app\static
✅ Thư mục styles           : D:\KhoaHoctructuyen\KHoaHocOnline\frontend\react-app\layouts\styles
------------------------------------------------------------------------------------------
🗂️ KIỂM TRA THƯ MỤC UPLOAD CON:
✅ Tất cả thư mục upload con đã tồn tại đầy đủ.
------------------------------------------------------------------------------------------
🎨 KIỂM TRA TEMPLATE CON:
✅ Tất cả thư mục template con đầy đủ.
------------------------------------------------------------------------------------------
📦 KIỂM TRA FILE QUAN TRỌNG:
✅ File .env                : D:\KhoaHoctructuyen\KHoaHocOnline\backend\.env
✅ File requirements.txt    : D:\KhoaHoctructuyen\KHoaHocOnline\backend\requirements.txt
✅ File alembic.ini         : D:\KhoaHoctructuyen\KHoaHocOnline\backend\alembic.ini
✅ File main.py             : D:\KhoaHoctructuyen\KHoaHocOnline\backend\app\main.py
------------------------------------------------------------------------------------------
🐍 KIỂM TRA GÓI PYTHON CẦN THIẾT:
✅ Package sẵn sàng: fastapi
✅ Package sẵn sàng: uvicorn
✅ Package sẵn sàng: sqlalchemy
✅ Package sẵn sàng: jinja2
❌ Thiếu package: python-multipart
------------------------------------------------------------------------------------------
📊 TỔNG KẾT KIỂM TRA:
🎉 Môi trường sẵn sàng để chạy E-Learning Platform!
👉 Bạn có thể chạy: uvicorn app.main:app --reload
==========================================================================================
