==========================================================================================
                    🔍 KIỂM TRA MÔI TRƯỜNG HỆ THỐNG E-LEARNING PLATFORM                    
==========================================================================================
🖥️  Hệ điều hành  : Windows 11
🐍  Python version: 3.12.8
📅  Thời gian kiểm tra: 01:06:28 27-10-2025
------------------------------------------------------------------------------------------
📁 KIỂM TRA CẤU TRÚC THƯ MỤC:
❌ Thư mục backend/app      : D:\KhoaHoctructuyen\KHoaHocOnline\backend\app\app (không tồn tại)
❌ Thư mục uploads          : D:\KhoaHoctructuyen\KHoaHocOnline\backend\app\app\uploads (không tồn tại)
❌ Thư mục templates        : D:\KhoaHoctructuyen\KHoaHocOnline\backend\frontend\react-app\layouts\templates (không tồn tại)
❌ Thư mục static           : D:\KhoaHoctructuyen\KHoaHocOnline\backend\frontend\react-app\static (không tồn tại)
❌ Thư mục styles           : D:\KhoaHoctructuyen\KHoaHocOnline\backend\frontend\react-app\layouts\styles (không tồn tại)
------------------------------------------------------------------------------------------
🗂️ KIỂM TRA THƯ MỤC UPLOAD CON:
❌ Thư mục uploads không tồn tại.
------------------------------------------------------------------------------------------
🎨 KIỂM TRA TEMPLATE CON:
❌ Thư mục templates không tồn tại.
------------------------------------------------------------------------------------------
📦 KIỂM TRA FILE QUAN TRỌNG:
❌ File .env                : D:\KhoaHoctructuyen\KHoaHocOnline\backend\app\.env (không tồn tại)
❌ File requirements.txt    : D:\KhoaHoctructuyen\KHoaHocOnline\backend\app\requirements.txt (không tồn tại)
❌ File alembic.ini         : D:\KhoaHoctructuyen\KHoaHocOnline\backend\app\alembic.ini (không tồn tại)
❌ File main.py             : D:\KhoaHoctructuyen\KHoaHocOnline\backend\app\app\main.py (không tồn tại)
------------------------------------------------------------------------------------------
🐍 KIỂM TRA GÓI PYTHON CẦN THIẾT:
✅ Package sẵn sàng: fastapi
✅ Package sẵn sàng: uvicorn
✅ Package sẵn sàng: sqlalchemy
✅ Package sẵn sàng: jinja2
❌ Thiếu package: python-multipart
------------------------------------------------------------------------------------------
📊 TỔNG KẾT KIỂM TRA:
⚠️ Môi trường CHƯA SẴN SÀNG — cần kiểm tra lại cấu trúc hoặc cài đặt phụ thuộc.
==========================================================================================
